Archive member included because of file (symbol)

/home/ogrecooper/.pebble-sdk/SDKs/current/sdk-core/pebble/aplite/lib/libpebble.a(tmp7jpKUopebble.o)
                              src/c/main.c.41.o (app_event_loop)
/home/ogrecooper/pebble-dev/pebble-sdk-4.5-linux64/arm-cs-tools/bin/../lib/gcc/arm-none-eabi/4.7.2/thumb2/libgcc.a(_arm_addsubsf3.o)
                              src/c/main.c.41.o (__aeabi_fsub)
/home/ogrecooper/pebble-dev/pebble-sdk-4.5-linux64/arm-cs-tools/bin/../lib/gcc/arm-none-eabi/4.7.2/thumb2/libgcc.a(_arm_muldivsf3.o)
                              src/c/main.c.41.o (__aeabi_fmul)
/home/ogrecooper/pebble-dev/pebble-sdk-4.5-linux64/arm-cs-tools/bin/../lib/gcc/arm-none-eabi/4.7.2/thumb2/libgcc.a(_arm_cmpsf2.o)
                              src/c/main.c.41.o (__aeabi_fcmplt)
/home/ogrecooper/pebble-dev/pebble-sdk-4.5-linux64/arm-cs-tools/bin/../lib/gcc/arm-none-eabi/4.7.2/thumb2/libgcc.a(_arm_fixsfsi.o)
                              src/c/main.c.41.o (__aeabi_f2iz)
/home/ogrecooper/pebble-dev/pebble-sdk-4.5-linux64/arm-cs-tools/bin/../lib/gcc/arm-none-eabi/4.7.2/thumb2/libgcc.a(_arm_fixunssfsi.o)
                              src/c/main.c.41.o (__aeabi_f2uiz)

Allocating common symbols
Common symbol       size              file

base_colors         0x4               src/c/main.c.41.o
game_window         0x4               src/c/main.c.41.o
player_colors       0x4               src/c/main.c.41.o
ball_speed          0x8               src/c/main.c.41.o
player_pos          0x10              src/c/main.c.41.o
ball_color          0x1               src/c/main.c.41.o
game_canvas         0x4               src/c/main.c.41.o
player_alive        0x4               src/c/main.c.41.o
player_size         0x8               src/c/main.c.41.o
ball_pos            0x8               src/c/main.c.41.o

Discarded input sections

 .text          0x0000000000000000        0x0 /home/ogrecooper/pebble-dev/pebble-sdk-4.5-linux64/arm-cs-tools/bin/../lib/gcc/arm-none-eabi/4.7.2/thumb2/crti.o
 .bss           0x0000000000000000        0x0 /home/ogrecooper/pebble-dev/pebble-sdk-4.5-linux64/arm-cs-tools/bin/../lib/gcc/arm-none-eabi/4.7.2/thumb2/crti.o
 .init          0x0000000000000000        0x4 /home/ogrecooper/pebble-dev/pebble-sdk-4.5-linux64/arm-cs-tools/bin/../lib/gcc/arm-none-eabi/4.7.2/thumb2/crti.o
 .fini          0x0000000000000000        0x4 /home/ogrecooper/pebble-dev/pebble-sdk-4.5-linux64/arm-cs-tools/bin/../lib/gcc/arm-none-eabi/4.7.2/thumb2/crti.o
 .text          0x0000000000000000       0xc8 /home/ogrecooper/pebble-dev/pebble-sdk-4.5-linux64/arm-cs-tools/bin/../lib/gcc/arm-none-eabi/4.7.2/thumb2/crtbegin.o
 .bss           0x0000000000000000       0x1c /home/ogrecooper/pebble-dev/pebble-sdk-4.5-linux64/arm-cs-tools/bin/../lib/gcc/arm-none-eabi/4.7.2/thumb2/crtbegin.o
 .init_array    0x0000000000000000        0x4 /home/ogrecooper/pebble-dev/pebble-sdk-4.5-linux64/arm-cs-tools/bin/../lib/gcc/arm-none-eabi/4.7.2/thumb2/crtbegin.o
 .fini_array    0x0000000000000000        0x4 /home/ogrecooper/pebble-dev/pebble-sdk-4.5-linux64/arm-cs-tools/bin/../lib/gcc/arm-none-eabi/4.7.2/thumb2/crtbegin.o
 .eh_frame      0x0000000000000000        0x0 /home/ogrecooper/pebble-dev/pebble-sdk-4.5-linux64/arm-cs-tools/bin/../lib/gcc/arm-none-eabi/4.7.2/thumb2/crtbegin.o
 .jcr           0x0000000000000000        0x0 /home/ogrecooper/pebble-dev/pebble-sdk-4.5-linux64/arm-cs-tools/bin/../lib/gcc/arm-none-eabi/4.7.2/thumb2/crtbegin.o
 .tm_clone_table
                0x0000000000000000        0x0 /home/ogrecooper/pebble-dev/pebble-sdk-4.5-linux64/arm-cs-tools/bin/../lib/gcc/arm-none-eabi/4.7.2/thumb2/crtbegin.o
 .text          0x0000000000000000        0x0 src/c/main.c.41.o
 .bss           0x0000000000000000        0x0 src/c/main.c.41.o
 .text.game_draw_init
                0x0000000000000000       0x18 src/c/main.c.41.o
 .rodata.ball_speed_max
                0x0000000000000000        0x4 src/c/main.c.41.o
 .rodata.ball_radius
                0x0000000000000000        0x2 src/c/main.c.41.o
 .rodata.player_speed
                0x0000000000000000        0x4 src/c/main.c.41.o
 .text          0x0000000000000000        0x0 aplite/appinfo.auto.c.41.o
 .bss           0x0000000000000000        0x0 aplite/appinfo.auto.c.41.o
 .text          0x0000000000000000        0x0 aplite/src/resource_ids.auto.c.41.o
 .bss           0x0000000000000000        0x0 aplite/src/resource_ids.auto.c.41.o
 .data.RESOURCE_ID_IMAGE_SHIELD_GREEN
                0x0000000000000000        0x4 aplite/src/resource_ids.auto.c.41.o
 .bss           0x0000000000000000        0x0 /home/ogrecooper/.pebble-sdk/SDKs/current/sdk-core/pebble/aplite/lib/libpebble.a(tmp7jpKUopebble.o)
 .text.accel_data_service_subscribe__deprecated
                0x0000000000000000        0xc /home/ogrecooper/.pebble-sdk/SDKs/current/sdk-core/pebble/aplite/lib/libpebble.a(tmp7jpKUopebble.o)
 .text.accel_data_service_unsubscribe
[...]
Memory Configuration

Name             Origin             Length             Attributes
APP              0x0000000000000000 0x0000000000006000 xrw
*default*        0x0000000000000000 0xffffffffffffffff

Linker script and memory map

LOAD /home/ogrecooper/pebble-dev/pebble-sdk-4.5-linux64/arm-cs-tools/bin/../lib/gcc/arm-none-eabi/4.7.2/thumb2/crti.o
LOAD /home/ogrecooper/pebble-dev/pebble-sdk-4.5-linux64/arm-cs-tools/bin/../lib/gcc/arm-none-eabi/4.7.2/thumb2/crtbegin.o
LOAD src/c/main.c.41.o
LOAD aplite/appinfo.auto.c.41.o
LOAD aplite/src/resource_ids.auto.c.41.o
LOAD /home/ogrecooper/.pebble-sdk/SDKs/current/sdk-core/pebble/aplite/lib/libpebble.a
START GROUP
LOAD /home/ogrecooper/pebble-dev/pebble-sdk-4.5-linux64/arm-cs-tools/bin/../lib/gcc/arm-none-eabi/4.7.2/thumb2/libgcc.a
LOAD /home/ogrecooper/pebble-dev/pebble-sdk-4.5-linux64/arm-cs-tools/bin/../lib/gcc/arm-none-eabi/4.7.2/../../../../arm-none-eabi/lib/thumb2/libc.a
END GROUP
LOAD /home/ogrecooper/pebble-dev/pebble-sdk-4.5-linux64/arm-cs-tools/bin/../lib/gcc/arm-none-eabi/4.7.2/thumb2/crtend.o
LOAD /home/ogrecooper/pebble-dev/pebble-sdk-4.5-linux64/arm-cs-tools/bin/../lib/gcc/arm-none-eabi/4.7.2/thumb2/crtn.o

.header         0x0000000000000000       0x82
 *(.pbl_header)
 .pbl_header    0x0000000000000000       0x82 aplite/appinfo.auto.c.41.o
                0x0000000000000000                __pbl_app_info

.note.gnu.build-id
                0x0000000000000082       0x26
                0x0000000000000082                PROVIDE (BUILD_ID, .)
 *(.note.gnu.build-id)
 *fill*         0x0000000000000082        0x2 
 .note.gnu.build-id
                0x0000000000000084       0x24 linker stubs

.text           0x00000000000000a8     0x144c
 *(.text)
 .text          0x00000000000000a8       0x14 /home/ogrecooper/.pebble-sdk/SDKs/current/sdk-core/pebble/aplite/lib/libpebble.a(tmp7jpKUopebble.o)
 .text          0x00000000000000bc      0x21c /home/ogrecooper/pebble-dev/pebble-sdk-4.5-linux64/arm-cs-tools/bin/../lib/gcc/arm-none-eabi/4.7.2/thumb2/libgcc.a(_arm_addsubsf3.o)
                0x00000000000000bc                __aeabi_frsub
                0x00000000000000c4                __subsf3
                0x00000000000000c4                __aeabi_fsub
                0x00000000000000c8                __aeabi_fadd
                0x00000000000000c8                __addsf3
                0x0000000000000228                __aeabi_ui2f
                0x0000000000000228                __floatunsisf
                0x0000000000000230                __aeabi_i2f
                0x0000000000000230                __floatsisf
                0x000000000000024c                __floatundisf
                0x000000000000024c                __aeabi_ul2f
                0x000000000000025c                __floatdisf
                0x000000000000025c                __aeabi_l2f
 .text          0x00000000000002d8      0x2a0 /home/ogrecooper/pebble-dev/pebble-sdk-4.5-linux64/arm-cs-tools/bin/../lib/gcc/arm-none-eabi/4.7.2/thumb2/libgcc.a(_arm_muldivsf3.o)
                0x00000000000002d8                __mulsf3
                0x00000000000002d8                __aeabi_fmul
                0x0000000000000440                __divsf3
                0x0000000000000440                __aeabi_fdiv
 .text          0x0000000000000578       0xec /home/ogrecooper/pebble-dev/pebble-sdk-4.5-linux64/arm-cs-tools/bin/../lib/gcc/arm-none-eabi/4.7.2/thumb2/libgcc.a(_arm_cmpsf2.o)
                0x0000000000000578                __gtsf2
                0x0000000000000578                __gesf2
                0x0000000000000580                __lesf2
                0x0000000000000580                __ltsf2
                0x0000000000000588                __nesf2
                0x0000000000000588                __eqsf2
                0x0000000000000588                __cmpsf2
                0x00000000000005e8                __aeabi_cfrcmple
                0x00000000000005f0                __aeabi_cfcmple
                0x00000000000005f0                __aeabi_cfcmpeq
                0x0000000000000600                __aeabi_fcmpeq
                0x0000000000000614                __aeabi_fcmplt
                0x0000000000000628                __aeabi_fcmple
                0x000000000000063c                __aeabi_fcmpge
                0x0000000000000650                __aeabi_fcmpgt
 .text          0x0000000000000664       0x4c /home/ogrecooper/pebble-dev/pebble-sdk-4.5-linux64/arm-cs-tools/bin/../lib/gcc/arm-none-eabi/4.7.2/thumb2/libgcc.a(_arm_fixsfsi.o)
                0x0000000000000664                __fixsfsi
                0x0000000000000664                __aeabi_f2iz
 .text          0x00000000000006b0       0x40 /home/ogrecooper/pebble-dev/pebble-sdk-4.5-linux64/arm-cs-tools/bin/../lib/gcc/arm-none-eabi/4.7.2/thumb2/libgcc.a(_arm_fixunssfsi.o)
                0x00000000000006b0                __aeabi_f2uiz
                0x00000000000006b0                __fixunssfsi
 *(.text.*)
 .text.game_logic_player
                0x00000000000006f0       0x70 src/c/main.c.41.o
 .text.get_player_position
                0x0000000000000760      0x140 src/c/main.c.41.o
 .text.game_button_sel_click
                0x00000000000008a0       0x10 src/c/main.c.41.o
                0x00000000000008a0                game_button_sel_click
 .text.game_button_sel_release
                0x00000000000008b0       0x10 src/c/main.c.41.o
                0x00000000000008b0                game_button_sel_release
 .text.game_button_up_click
                0x00000000000008c0       0x10 src/c/main.c.41.o
                0x00000000000008c0                game_button_up_click
 .text.game_button_up_release
                0x00000000000008d0       0x10 src/c/main.c.41.o
                0x00000000000008d0                game_button_up_release
 .text.game_button_down_click
                0x00000000000008e0       0x10 src/c/main.c.41.o
                0x00000000000008e0                game_button_down_click
 .text.game_button_down_release
                0x00000000000008f0       0x10 src/c/main.c.41.o
                0x00000000000008f0                game_button_down_release
 .text.game_button_config
                0x0000000000000900       0x50 src/c/main.c.41.o
                0x0000000000000900                game_button_config
 .text.game_timer
                0x0000000000000950       0x2c src/c/main.c.41.o
 .text.game_draw_bitmap.isra.0
                0x000000000000097c      0x11c src/c/main.c.41.o
 .text.game_draw_base
                0x0000000000000a98      0x174 src/c/main.c.41.o
 .text.game_draw_player
                0x0000000000000c0c       0xd8 src/c/main.c.41.o
 .text.game_update
                0x0000000000000ce4      0x43c src/c/main.c.41.o
 .text.game_deinit
                0x0000000000001120       0x2c src/c/main.c.41.o
                0x0000000000001120                game_deinit
 .text.game_logic_init
                0x000000000000114c       0xa0 src/c/main.c.41.o
                0x000000000000114c                game_logic_init
 .text.game_init
                0x00000000000011ec       0xe8 src/c/main.c.41.o
                0x00000000000011ec                game_init
 .text.startup.main
                0x00000000000012d4       0x12 src/c/main.c.41.o
                0x00000000000012d4                main
 *fill*         0x00000000000012e6        0x2 
 .text.app_event_loop
                0x00000000000012e8        0xc /home/ogrecooper/.pebble-sdk/SDKs/current/sdk-core/pebble/aplite/lib/libpebble.a(tmp7jpKUopebble.o)
                0x00000000000012e8                app_event_loop
 .text.app_timer_register
                0x00000000000012f4        0xc /home/ogrecooper/.pebble-sdk/SDKs/current/sdk-core/pebble/aplite/lib/libpebble.a(tmp7jpKUopebble.o)
                0x00000000000012f4                app_timer_register
 .text.cos_lookup
                0x0000000000001300        0xc /home/ogrecooper/.pebble-sdk/SDKs/current/sdk-core/pebble/aplite/lib/libpebble.a(tmp7jpKUopebble.o)
                0x0000000000001300                cos_lookup
 .text.graphics_fill_circle
                0x000000000000130c        0xc /home/ogrecooper/.pebble-sdk/SDKs/current/sdk-core/pebble/aplite/lib/libpebble.a(tmp7jpKUopebble.o)
                0x000000000000130c                graphics_fill_circle
 .text.graphics_fill_rect
                0x0000000000001318        0xc /home/ogrecooper/.pebble-sdk/SDKs/current/sdk-core/pebble/aplite/lib/libpebble.a(tmp7jpKUopebble.o)
                0x0000000000001318                graphics_fill_rect
 .text.layer_add_child
                0x0000000000001324        0xc /home/ogrecooper/.pebble-sdk/SDKs/current/sdk-core/pebble/aplite/lib/libpebble.a(tmp7jpKUopebble.o)
                0x0000000000001324                layer_add_child
 .text.layer_create
                0x0000000000001330        0xc /home/ogrecooper/.pebble-sdk/SDKs/current/sdk-core/pebble/aplite/lib/libpebble.a(tmp7jpKUopebble.o)
                0x0000000000001330                layer_create
 .text.layer_destroy
                0x000000000000133c        0xc /home/ogrecooper/.pebble-sdk/SDKs/current/sdk-core/pebble/aplite/lib/libpebble.a(tmp7jpKUopebble.o)
                0x000000000000133c                layer_destroy
 .text.layer_get_bounds
                0x0000000000001348        0xc /home/ogrecooper/.pebble-sdk/SDKs/current/sdk-core/pebble/aplite/lib/libpebble.a(tmp7jpKUopebble.o)
                0x0000000000001348                layer_get_bounds
 .text.layer_mark_dirty
                0x0000000000001354        0xc /home/ogrecooper/.pebble-sdk/SDKs/current/sdk-core/pebble/aplite/lib/libpebble.a(tmp7jpKUopebble.o)
                0x0000000000001354                layer_mark_dirty
 .text.layer_set_update_proc
                0x0000000000001360        0xc /home/ogrecooper/.pebble-sdk/SDKs/current/sdk-core/pebble/aplite/lib/libpebble.a(tmp7jpKUopebble.o)
                0x0000000000001360                layer_set_update_proc
 .text.rand     0x000000000000136c        0xc /home/ogrecooper/.pebble-sdk/SDKs/current/sdk-core/pebble/aplite/lib/libpebble.a(tmp7jpKUopebble.o)
                0x000000000000136c                rand
 .text.sin_lookup
                0x0000000000001378        0xc /home/ogrecooper/.pebble-sdk/SDKs/current/sdk-core/pebble/aplite/lib/libpebble.a(tmp7jpKUopebble.o)
                0x0000000000001378                sin_lookup
 .text.window_create
                0x0000000000001384        0xc /home/ogrecooper/.pebble-sdk/SDKs/current/sdk-core/pebble/aplite/lib/libpebble.a(tmp7jpKUopebble.o)
                0x0000000000001384                window_create
 .text.window_destroy
                0x0000000000001390        0xc /home/ogrecooper/.pebble-sdk/SDKs/current/sdk-core/pebble/aplite/lib/libpebble.a(tmp7jpKUopebble.o)
                0x0000000000001390                window_destroy
 .text.window_get_root_layer
                0x000000000000139c        0xc /home/ogrecooper/.pebble-sdk/SDKs/current/sdk-core/pebble/aplite/lib/libpebble.a(tmp7jpKUopebble.o)
                0x000000000000139c                window_get_root_layer
 .text.window_set_click_config_provider
                0x00000000000013a8        0xc /home/ogrecooper/.pebble-sdk/SDKs/current/sdk-core/pebble/aplite/lib/libpebble.a(tmp7jpKUopebble.o)
                0x00000000000013a8                window_set_click_config_provider
 .text.window_stack_push
                0x00000000000013b4        0xc /home/ogrecooper/.pebble-sdk/SDKs/current/sdk-core/pebble/aplite/lib/libpebble.a(tmp7jpKUopebble.o)
                0x00000000000013b4                window_stack_push
 .text.window_raw_click_subscribe
                0x00000000000013c0        0xc /home/ogrecooper/.pebble-sdk/SDKs/current/sdk-core/pebble/aplite/lib/libpebble.a(tmp7jpKUopebble.o)
                0x00000000000013c0                window_raw_click_subscribe
 .text.graphics_release_frame_buffer
                0x00000000000013cc        0xc /home/ogrecooper/.pebble-sdk/SDKs/current/sdk-core/pebble/aplite/lib/libpebble.a(tmp7jpKUopebble.o)
                0x00000000000013cc                graphics_release_frame_buffer
 .text.graphics_context_set_fill_color
                0x00000000000013d8        0xc /home/ogrecooper/.pebble-sdk/SDKs/current/sdk-core/pebble/aplite/lib/libpebble.a(tmp7jpKUopebble.o)
                0x00000000000013d8                graphics_context_set_fill_color
 .text.graphics_capture_frame_buffer
                0x00000000000013e4        0xc /home/ogrecooper/.pebble-sdk/SDKs/current/sdk-core/pebble/aplite/lib/libpebble.a(tmp7jpKUopebble.o)
                0x00000000000013e4                graphics_capture_frame_buffer
 .text.gbitmap_get_data_row_info
                0x00000000000013f0        0xc /home/ogrecooper/.pebble-sdk/SDKs/current/sdk-core/pebble/aplite/lib/libpebble.a(tmp7jpKUopebble.o)
                0x00000000000013f0                gbitmap_get_data_row_info
 *(.rodata)
 .rodata        0x00000000000013fc       0x18 src/c/main.c.41.o
 *(.rodata*)
 .rodata.sprite_castle
                0x0000000000001414       0x20 src/c/main.c.41.o
                0x0000000000001414                sprite_castle
 .rodata.CSWTCH.39
                0x0000000000001434        0x3 src/c/main.c.41.o
 *fill*         0x0000000000001437        0x1 
 .rodata.sprite_block
                0x0000000000001438       0x10 src/c/main.c.41.o
                0x0000000000001438                sprite_block
 .rodata.CSWTCH.47
                0x0000000000001448        0x4 src/c/main.c.41.o
 .rodata.sprite_knight
                0x000000000000144c       0x20 src/c/main.c.41.o
                0x000000000000144c                sprite_knight
 .rodata.CSWTCH.45
                0x000000000000146c        0x3 src/c/main.c.41.o
 *fill*         0x000000000000146f        0x1 
 .rodata.sprite_player
                0x0000000000001470       0x80 src/c/main.c.41.o
                0x0000000000001470                sprite_player
 .rodata.CSWTCH.43
                0x00000000000014f0        0x4 src/c/main.c.41.o

.glue_7         0x00000000000014f4        0x0
 .glue_7        0x0000000000000000        0x0 linker stubs

.glue_7t        0x00000000000014f4        0x0
 .glue_7t       0x0000000000000000        0x0 linker stubs

.vfp11_veneer   0x00000000000014f4        0x0
 .vfp11_veneer  0x0000000000000000        0x0 linker stubs

.v4_bx          0x00000000000014f4        0x0
 .v4_bx         0x0000000000000000        0x0 linker stubs

.iplt           0x00000000000014f4        0x0
 .iplt          0x0000000000000000        0x0 /home/ogrecooper/pebble-dev/pebble-sdk-4.5-linux64/arm-cs-tools/bin/../lib/gcc/arm-none-eabi/4.7.2/thumb2/crtbegin.o

.rel.dyn        0x00000000000014f4        0x0
 .rel.iplt      0x0000000000000000        0x0 /home/ogrecooper/pebble-dev/pebble-sdk-4.5-linux64/arm-cs-tools/bin/../lib/gcc/arm-none-eabi/4.7.2/thumb2/crtbegin.o
 .rel.got       0x0000000000000000        0x0 /home/ogrecooper/pebble-dev/pebble-sdk-4.5-linux64/arm-cs-tools/bin/../lib/gcc/arm-none-eabi/4.7.2/thumb2/crtbegin.o

.data           0x00000000000014f4       0x24
 *(.data)
 .data          0x00000000000014f4        0x0 /home/ogrecooper/pebble-dev/pebble-sdk-4.5-linux64/arm-cs-tools/bin/../lib/gcc/arm-none-eabi/4.7.2/thumb2/crti.o
 .data          0x00000000000014f4        0x4 /home/ogrecooper/pebble-dev/pebble-sdk-4.5-linux64/arm-cs-tools/bin/../lib/gcc/arm-none-eabi/4.7.2/thumb2/crtbegin.o
                0x00000000000014f4                __dso_handle
 .data          0x00000000000014f8        0x0 src/c/main.c.41.o
 .data          0x00000000000014f8        0x0 aplite/appinfo.auto.c.41.o
 .data          0x00000000000014f8        0x0 aplite/src/resource_ids.auto.c.41.o
 .data          0x00000000000014f8        0x0 /home/ogrecooper/.pebble-sdk/SDKs/current/sdk-core/pebble/aplite/lib/libpebble.a(tmp7jpKUopebble.o)
 .data          0x00000000000014f8        0x0 /home/ogrecooper/pebble-dev/pebble-sdk-4.5-linux64/arm-cs-tools/bin/../lib/gcc/arm-none-eabi/4.7.2/thumb2/libgcc.a(_arm_addsubsf3.o)
 .data          0x00000000000014f8        0x0 /home/ogrecooper/pebble-dev/pebble-sdk-4.5-linux64/arm-cs-tools/bin/../lib/gcc/arm-none-eabi/4.7.2/thumb2/libgcc.a(_arm_muldivsf3.o)
 .data          0x00000000000014f8        0x0 /home/ogrecooper/pebble-dev/pebble-sdk-4.5-linux64/arm-cs-tools/bin/../lib/gcc/arm-none-eabi/4.7.2/thumb2/libgcc.a(_arm_cmpsf2.o)
 .data          0x00000000000014f8        0x0 /home/ogrecooper/pebble-dev/pebble-sdk-4.5-linux64/arm-cs-tools/bin/../lib/gcc/arm-none-eabi/4.7.2/thumb2/libgcc.a(_arm_fixsfsi.o)
 .data          0x00000000000014f8        0x0 /home/ogrecooper/pebble-dev/pebble-sdk-4.5-linux64/arm-cs-tools/bin/../lib/gcc/arm-none-eabi/4.7.2/thumb2/libgcc.a(_arm_fixunssfsi.o)
 .data          0x00000000000014f8        0x0 /home/ogrecooper/pebble-dev/pebble-sdk-4.5-linux64/arm-cs-tools/bin/../lib/gcc/arm-none-eabi/4.7.2/thumb2/crtend.o
 .data          0x00000000000014f8        0x0 /home/ogrecooper/pebble-dev/pebble-sdk-4.5-linux64/arm-cs-tools/bin/../lib/gcc/arm-none-eabi/4.7.2/thumb2/crtn.o
 *(.data.*)
 .data.player_damage
                0x00000000000014f8       0x20 src/c/main.c.41.o
                0x00000000000014f8                player_damage

.igot.plt       0x0000000000001518        0x0
 .igot.plt      0x0000000000000000        0x0 /home/ogrecooper/pebble-dev/pebble-sdk-4.5-linux64/arm-cs-tools/bin/../lib/gcc/arm-none-eabi/4.7.2/thumb2/crtbegin.o

.got            0x0000000000001518       0x28
 .got           0x0000000000001518       0x28 /home/ogrecooper/pebble-dev/pebble-sdk-4.5-linux64/arm-cs-tools/bin/../lib/gcc/arm-none-eabi/4.7.2/thumb2/crtbegin.o

.got.plt        0x0000000000001540        0xc
 .got.plt       0x0000000000001540        0xc /home/ogrecooper/pebble-dev/pebble-sdk-4.5-linux64/arm-cs-tools/bin/../lib/gcc/arm-none-eabi/4.7.2/thumb2/crtbegin.o
                0x0000000000001540                _GLOBAL_OFFSET_TABLE_

.bss            0x000000000000154c       0x44
 *(.bss)
 *(.bss.*)
 .bss.button_down
                0x000000000000154c        0x1 src/c/main.c.41.o
                0x000000000000154c                button_down
 .bss.button_up
                0x000000000000154d        0x1 src/c/main.c.41.o
                0x000000000000154d                button_up
 .bss.button_sel
                0x000000000000154e        0x1 src/c/main.c.41.o
                0x000000000000154e                button_sel
 *fill*         0x000000000000154f        0x1 
 COMMON         0x0000000000001550       0x40 src/c/main.c.41.o
                0x0000000000001550                base_colors
                0x0000000000001554                game_window
                0x0000000000001558                player_colors
                0x000000000000155c                ball_speed
                0x0000000000001564                player_pos
                0x0000000000001574                ball_color
                0x0000000000001578                game_canvas
                0x000000000000157c                player_alive
                0x0000000000001580                player_size
                0x0000000000001588                ball_pos

DISCARD
 libc.a(*)
 libm.a(*)
 libgcc.a(*)
 *(.eh_frame)
OUTPUT(/home/ogrecooper/repos/pebble-warlords/build/aplite/pebble-app.elf elf32-littlearm)

.ARM.attributes
                0x0000000000000000       0x27
 .ARM.attributes
                0x0000000000000000       0x19 /home/ogrecooper/pebble-dev/pebble-sdk-4.5-linux64/arm-cs-tools/bin/../lib/gcc/arm-none-eabi/4.7.2/thumb2/crti.o
 .ARM.attributes
                0x0000000000000019       0x29 /home/ogrecooper/pebble-dev/pebble-sdk-4.5-linux64/arm-cs-tools/bin/../lib/gcc/arm-none-eabi/4.7.2/thumb2/crtbegin.o
 .ARM.attributes
                0x0000000000000042       0x33 src/c/main.c.41.o
 .ARM.attributes
                0x0000000000000075       0x33 aplite/appinfo.auto.c.41.o
 .ARM.attributes
                0x00000000000000a8       0x33 aplite/src/resource_ids.auto.c.41.o
 .ARM.attributes
                0x00000000000000db       0x21 /home/ogrecooper/.pebble-sdk/SDKs/current/sdk-core/pebble/aplite/lib/libpebble.a(tmp7jpKUopebble.o)
 .ARM.attributes
                0x00000000000000fc       0x19 /home/ogrecooper/pebble-dev/pebble-sdk-4.5-linux64/arm-cs-tools/bin/../lib/gcc/arm-none-eabi/4.7.2/thumb2/libgcc.a(_arm_addsubsf3.o)
 .ARM.attributes
                0x0000000000000115       0x19 /home/ogrecooper/pebble-dev/pebble-sdk-4.5-linux64/arm-cs-tools/bin/../lib/gcc/arm-none-eabi/4.7.2/thumb2/libgcc.a(_arm_muldivsf3.o)
 .ARM.attributes
                0x000000000000012e       0x19 /home/ogrecooper/pebble-dev/pebble-sdk-4.5-linux64/arm-cs-tools/bin/../lib/gcc/arm-none-eabi/4.7.2/thumb2/libgcc.a(_arm_cmpsf2.o)
 .ARM.attributes
                0x0000000000000147       0x19 /home/ogrecooper/pebble-dev/pebble-sdk-4.5-linux64/arm-cs-tools/bin/../lib/gcc/arm-none-eabi/4.7.2/thumb2/libgcc.a(_arm_fixsfsi.o)
 .ARM.attributes
                0x0000000000000160       0x19 /home/ogrecooper/pebble-dev/pebble-sdk-4.5-linux64/arm-cs-tools/bin/../lib/gcc/arm-none-eabi/4.7.2/thumb2/libgcc.a(_arm_fixunssfsi.o)
 .ARM.attributes
                0x0000000000000179       0x29 /home/ogrecooper/pebble-dev/pebble-sdk-4.5-linux64/arm-cs-tools/bin/../lib/gcc/arm-none-eabi/4.7.2/thumb2/crtend.o
 .ARM.attributes
                0x00000000000001a2       0x19 /home/ogrecooper/pebble-dev/pebble-sdk-4.5-linux64/arm-cs-tools/bin/../lib/gcc/arm-none-eabi/4.7.2/thumb2/crtn.o

.comment        0x0000000000000000       0x4e
 .comment       0x0000000000000000       0x4e /home/ogrecooper/pebble-dev/pebble-sdk-4.5-linux64/arm-cs-tools/bin/../lib/gcc/arm-none-eabi/4.7.2/thumb2/crtbegin.o
                                         0x4f (size before relaxing)
 .comment       0x0000000000000000       0x4f src/c/main.c.41.o
 .comment       0x0000000000000000       0x4f aplite/appinfo.auto.c.41.o
 .comment       0x0000000000000000       0x4f aplite/src/resource_ids.auto.c.41.o
 .comment       0x0000000000000000       0x4f /home/ogrecooper/pebble-dev/pebble-sdk-4.5-linux64/arm-cs-tools/bin/../lib/gcc/arm-none-eabi/4.7.2/thumb2/crtend.o

.debug_info     0x0000000000000000     0x1a8f
 .debug_info    0x0000000000000000     0x1361 src/c/main.c.41.o
 .debug_info    0x0000000000001361      0x31a aplite/appinfo.auto.c.41.o
 .debug_info    0x000000000000167b       0x81 aplite/src/resource_ids.auto.c.41.o
 .debug_info    0x00000000000016fc       0xb7 /home/ogrecooper/pebble-dev/pebble-sdk-4.5-linux64/arm-cs-tools/bin/../lib/gcc/arm-none-eabi/4.7.2/thumb2/libgcc.a(_arm_addsubsf3.o)
 .debug_info    0x00000000000017b3       0xb7 /home/ogrecooper/pebble-dev/pebble-sdk-4.5-linux64/arm-cs-tools/bin/../lib/gcc/arm-none-eabi/4.7.2/thumb2/libgcc.a(_arm_muldivsf3.o)
 .debug_info    0x000000000000186a       0xb7 /home/ogrecooper/pebble-dev/pebble-sdk-4.5-linux64/arm-cs-tools/bin/../lib/gcc/arm-none-eabi/4.7.2/thumb2/libgcc.a(_arm_cmpsf2.o)
 .debug_info    0x0000000000001921       0xb7 /home/ogrecooper/pebble-dev/pebble-sdk-4.5-linux64/arm-cs-tools/bin/../lib/gcc/arm-none-eabi/4.7.2/thumb2/libgcc.a(_arm_fixsfsi.o)
 .debug_info    0x00000000000019d8       0xb7 /home/ogrecooper/pebble-dev/pebble-sdk-4.5-linux64/arm-cs-tools/bin/../lib/gcc/arm-none-eabi/4.7.2/thumb2/libgcc.a(_arm_fixunssfsi.o)

.debug_abbrev   0x0000000000000000      0x581
 .debug_abbrev  0x0000000000000000      0x43b src/c/main.c.41.o
 .debug_abbrev  0x000000000000043b       0x9e aplite/appinfo.auto.c.41.o
 .debug_abbrev  0x00000000000004d9       0x44 aplite/src/resource_ids.auto.c.41.o
 .debug_abbrev  0x000000000000051d       0x14 /home/ogrecooper/pebble-dev/pebble-sdk-4.5-linux64/arm-cs-tools/bin/../lib/gcc/arm-none-eabi/4.7.2/thumb2/libgcc.a(_arm_addsubsf3.o)
 .debug_abbrev  0x0000000000000531       0x14 /home/ogrecooper/pebble-dev/pebble-sdk-4.5-linux64/arm-cs-tools/bin/../lib/gcc/arm-none-eabi/4.7.2/thumb2/libgcc.a(_arm_muldivsf3.o)
 .debug_abbrev  0x0000000000000545       0x14 /home/ogrecooper/pebble-dev/pebble-sdk-4.5-linux64/arm-cs-tools/bin/../lib/gcc/arm-none-eabi/4.7.2/thumb2/libgcc.a(_arm_cmpsf2.o)
 .debug_abbrev  0x0000000000000559       0x14 /home/ogrecooper/pebble-dev/pebble-sdk-4.5-linux64/arm-cs-tools/bin/../lib/gcc/arm-none-eabi/4.7.2/thumb2/libgcc.a(_arm_fixsfsi.o)
 .debug_abbrev  0x000000000000056d       0x14 /home/ogrecooper/pebble-dev/pebble-sdk-4.5-linux64/arm-cs-tools/bin/../lib/gcc/arm-none-eabi/4.7.2/thumb2/libgcc.a(_arm_fixunssfsi.o)

.debug_loc      0x0000000000000000      0xaa3
 .debug_loc     0x0000000000000000      0xaa3 src/c/main.c.41.o

.debug_aranges  0x0000000000000000      0x180
 .debug_aranges
                0x0000000000000000       0xb0 src/c/main.c.41.o
 .debug_aranges
                0x00000000000000b0       0x18 aplite/appinfo.auto.c.41.o
 .debug_aranges
                0x00000000000000c8       0x18 aplite/src/resource_ids.auto.c.41.o
 .debug_aranges
                0x00000000000000e0       0x20 /home/ogrecooper/pebble-dev/pebble-sdk-4.5-linux64/arm-cs-tools/bin/../lib/gcc/arm-none-eabi/4.7.2/thumb2/libgcc.a(_arm_addsubsf3.o)
 .debug_aranges
                0x0000000000000100       0x20 /home/ogrecooper/pebble-dev/pebble-sdk-4.5-linux64/arm-cs-tools/bin/../lib/gcc/arm-none-eabi/4.7.2/thumb2/libgcc.a(_arm_muldivsf3.o)
 .debug_aranges
                0x0000000000000120       0x20 /home/ogrecooper/pebble-dev/pebble-sdk-4.5-linux64/arm-cs-tools/bin/../lib/gcc/arm-none-eabi/4.7.2/thumb2/libgcc.a(_arm_cmpsf2.o)
 .debug_aranges
                0x0000000000000140       0x20 /home/ogrecooper/pebble-dev/pebble-sdk-4.5-linux64/arm-cs-tools/bin/../lib/gcc/arm-none-eabi/4.7.2/thumb2/libgcc.a(_arm_fixsfsi.o)
 .debug_aranges
                0x0000000000000160       0x20 /home/ogrecooper/pebble-dev/pebble-sdk-4.5-linux64/arm-cs-tools/bin/../lib/gcc/arm-none-eabi/4.7.2/thumb2/libgcc.a(_arm_fixunssfsi.o)

.debug_ranges   0x0000000000000000      0x1a0
 .debug_ranges  0x0000000000000000      0x1a0 src/c/main.c.41.o

.debug_line     0x0000000000000000      0xaa7
 .debug_line    0x0000000000000000      0x435 src/c/main.c.41.o
 .debug_line    0x0000000000000435      0x129 aplite/appinfo.auto.c.41.o
 .debug_line    0x000000000000055e       0xd0 aplite/src/resource_ids.auto.c.41.o
 .debug_line    0x000000000000062e      0x128 /home/ogrecooper/pebble-dev/pebble-sdk-4.5-linux64/arm-cs-tools/bin/../lib/gcc/arm-none-eabi/4.7.2/thumb2/libgcc.a(_arm_addsubsf3.o)
 .debug_line    0x0000000000000756      0x149 /home/ogrecooper/pebble-dev/pebble-sdk-4.5-linux64/arm-cs-tools/bin/../lib/gcc/arm-none-eabi/4.7.2/thumb2/libgcc.a(_arm_muldivsf3.o)
 .debug_line    0x000000000000089f      0x100 /home/ogrecooper/pebble-dev/pebble-sdk-4.5-linux64/arm-cs-tools/bin/../lib/gcc/arm-none-eabi/4.7.2/thumb2/libgcc.a(_arm_cmpsf2.o)
 .debug_line    0x000000000000099f       0x86 /home/ogrecooper/pebble-dev/pebble-sdk-4.5-linux64/arm-cs-tools/bin/../lib/gcc/arm-none-eabi/4.7.2/thumb2/libgcc.a(_arm_fixsfsi.o)
 .debug_line    0x0000000000000a25       0x82 /home/ogrecooper/pebble-dev/pebble-sdk-4.5-linux64/arm-cs-tools/bin/../lib/gcc/arm-none-eabi/4.7.2/thumb2/libgcc.a(_arm_fixunssfsi.o)

.debug_str      0x0000000000000000      0x9b5
 .debug_str     0x0000000000000000      0x748 src/c/main.c.41.o
                                        0x7d5 (size before relaxing)
 .debug_str     0x0000000000000748      0x22f aplite/appinfo.auto.c.41.o
                                        0x31b (size before relaxing)
 .debug_str     0x0000000000000977       0x3e aplite/src/resource_ids.auto.c.41.o
                                        0x104 (size before relaxing)

.debug_frame    0x0000000000000000      0x200
 .debug_frame   0x0000000000000000      0x200 src/c/main.c.41.o
